MPLINK 4.43, Linker
Linker Map File - Created Sun May 12 03:17:43 2024

                                 Section Info
                  Section       Type    Address   Location Size(Bytes)
                ---------  ---------  ---------  ---------  ---------
                   .org_0       code   0x000000    program   0x00007c
.config_2007_COUNT_UP_AND_DOWN.O       code   0x002007    program   0x000002



                              Program Memory Usage 
                               Start         End      
                           ---------   ---------      
                            0x000000    0x00003d      
                            0x002007    0x002007      
            63 out of 1158 program addresses used, program memory utilization is 5%



                              Symbols - Sorted by Name
                     Name    Address   Location    Storage File                     
                ---------  ---------  ---------  --------- ---------                
                      BCD   0x000025    program     static C:\Users\L470\Desktop\couter up and down\COUNT_UP_AND_DOWN.asm
               COUNT_DOWN   0x000011    program     static C:\Users\L470\Desktop\couter up and down\COUNT_UP_AND_DOWN.asm
                 COUNT_UP   0x00001b    program     static C:\Users\L470\Desktop\couter up and down\COUNT_UP_AND_DOWN.asm
                    DELAY   0x000031    program     static C:\Users\L470\Desktop\couter up and down\COUNT_UP_AND_DOWN.asm
                  FINISH2   0x00002e    program     static C:\Users\L470\Desktop\couter up and down\COUNT_UP_AND_DOWN.asm
               INITIALIZE   0x000003    program     static C:\Users\L470\Desktop\couter up and down\COUNT_UP_AND_DOWN.asm
                    LOOP1   0x000037    program     static C:\Users\L470\Desktop\couter up and down\COUNT_UP_AND_DOWN.asm
                    LOOP2   0x000035    program     static C:\Users\L470\Desktop\couter up and down\COUNT_UP_AND_DOWN.asm
                    LOOP3   0x000033    program     static C:\Users\L470\Desktop\couter up and down\COUNT_UP_AND_DOWN.asm
                  REPEAT2   0x000027    program     static C:\Users\L470\Desktop\couter up and down\COUNT_UP_AND_DOWN.asm
                    START   0x000000    program     static C:\Users\L470\Desktop\couter up and down\COUNT_UP_AND_DOWN.asm
                     TEST   0x00000c    program     static C:\Users\L470\Desktop\couter up and down\COUNT_UP_AND_DOWN.asm



                              Symbols - Sorted by Address
                     Name    Address   Location    Storage File                     
                ---------  ---------  ---------  --------- ---------                
                    START   0x000000    program     static C:\Users\L470\Desktop\couter up and down\COUNT_UP_AND_DOWN.asm
               INITIALIZE   0x000003    program     static C:\Users\L470\Desktop\couter up and down\COUNT_UP_AND_DOWN.asm
                     TEST   0x00000c    program     static C:\Users\L470\Desktop\couter up and down\COUNT_UP_AND_DOWN.asm
               COUNT_DOWN   0x000011    program     static C:\Users\L470\Desktop\couter up and down\COUNT_UP_AND_DOWN.asm
                 COUNT_UP   0x00001b    program     static C:\Users\L470\Desktop\couter up and down\COUNT_UP_AND_DOWN.asm
                      BCD   0x000025    program     static C:\Users\L470\Desktop\couter up and down\COUNT_UP_AND_DOWN.asm
                  REPEAT2   0x000027    program     static C:\Users\L470\Desktop\couter up and down\COUNT_UP_AND_DOWN.asm
                  FINISH2   0x00002e    program     static C:\Users\L470\Desktop\couter up and down\COUNT_UP_AND_DOWN.asm
                    DELAY   0x000031    program     static C:\Users\L470\Desktop\couter up and down\COUNT_UP_AND_DOWN.asm
                    LOOP3   0x000033    program     static C:\Users\L470\Desktop\couter up and down\COUNT_UP_AND_DOWN.asm
                    LOOP2   0x000035    program     static C:\Users\L470\Desktop\couter up and down\COUNT_UP_AND_DOWN.asm
                    LOOP1   0x000037    program     static C:\Users\L470\Desktop\couter up and down\COUNT_UP_AND_DOWN.asm


